unsat
(error "line 61 column 15: model is not available")
0.026
