unsat
(error "line 67 column 15: model is not available")
0.002
