unsat
(error "line 64 column 15: model is not available")
0.008
