unsat
(error "line 68 column 15: model is not available")
0.007
