unsat
(error "line 70 column 15: model is not available")
0.014
