unsat
(error "line 81 column 15: model is not available")
0.006
