unsat
(error "line 633 column 15: model is not available")
0.015
