unsat
(error "line 978 column 15: model is not available")
0.023
