unsat
(error "line 3242 column 15: model is not available")
0.036
