unsat
(error "line 680 column 15: model is not available")
0.014
