unsat
(error "line 3918 column 15: model is not available")
0.040
