unsat
(error "line 324 column 15: model is not available")
0.016
