unsat
(error "line 1698 column 15: model is not available")
0.024
