unsat
(error "line 1359 column 15: model is not available")
0.035
