unsat
(error "line 1290 column 15: model is not available")
0.022
