unsat
(error "line 526 column 15: model is not available")
0.016
