unsat
(error "line 1228 column 15: model is not available")
0.023
