unsat
(error "line 6330 column 15: model is not available")
0.070
