unsat
(error "line 4632 column 15: model is not available")
0.053
