unsat
(error "line 138 column 15: model is not available")
0.005
