unsat
(error "line 282 column 15: model is not available")
0.011
