unsat
(error "line 72 column 15: model is not available")
0.015
