unsat
(error "line 423 column 15: model is not available")
0.018
