unsat
(error "line 1494 column 15: model is not available")
0.031
