unsat
(error "line 2136 column 15: model is not available")
0.027
