unsat
(error "line 2672 column 15: model is not available")
0.034
